main.c:99:6:HAL_UART_RxCpltCallback	16	static
main.c:105:8:screen_format	16	static
main.c:120:5:Linear	32	static
main.c:125:5:AQIPM25	16	static
main.c:155:6:gps_dots	24	static
main.c:162:6:battery_dots_vert	24	static
main.c:174:6:initDisplay	8	static
main.c:187:6:updateDisplay	56	static
main.c:236:6:welcomeDisplay	8	static
main.c:250:6:lowBatteryDisplay	16	static
main.c:262:6:dataTransferDisplay	40	static
main.c:278:5:SHTC3_read_data	32	static
main.c:312:7:compensateRH	48	static
main.c:322:7:compensateT	16	static
main.c:326:6:KX023_read_tilt	40	static
main.c:339:6:initRGBLED	8	static
main.c:353:6:setStatLED	24	static
main.c:362:6:flashStatLED	24	static
main.c:370:6:setAirLED	24	static
main.c:378:6:AirLED_on	8	static
main.c:384:6:AirLED_off	8	static
main.c:395:6:renameBT	56	static
main.c:410:6:checkBTconn	64	static
main.c:421:6:generateFilename	24	static
main.c:434:5:saveToSD	24	static
main.c:451:5:getSDcardStats	24	static
main.c:465:6:transmitSDcardData	280	static
main.c:496:5:writeFileHeader	256	static
main.c:515:6:updateADC	8	static
main.c:530:5:main	408	static
main.c:682:6:SystemClock_Config	88	static
main.c:729:6:Error_Handler	4	static,ignoring_inline_asm
