main.c:99:6:HAL_UART_RxCpltCallback	16	static
main.c:105:8:screen_format	16	static
main.c:120:5:Linear	32	static
main.c:125:5:AQIPM25	16	static
main.c:155:6:gps_dots	24	static
main.c:162:6:battery_dots_vert	24	static
main.c:174:6:initDisplay	8	static
main.c:187:6:updateDisplay	56	static
main.c:236:6:welcomeDisplay	8	static
main.c:250:6:lowBatteryDisplay	16	static
main.c:262:5:SHTC3_read_data	32	static
main.c:296:7:compensateRH	48	static
main.c:306:7:compensateT	16	static
main.c:310:6:KX023_read_tilt	40	static
main.c:323:6:initRGBLED	8	static
main.c:337:6:setStatLED	24	static
main.c:346:6:flashStatLED	24	static
main.c:354:6:setAirLED	24	static
main.c:362:6:AirLED_on	8	static
main.c:368:6:AirLED_off	8	static
main.c:379:6:renameBT	56	static
main.c:394:6:checkBTconn	64	static
main.c:405:6:generateFilename	24	static
main.c:417:5:saveToSD	24	static
main.c:434:5:writeFileHeader	256	static
main.c:453:6:updateADC	8	static
main.c:468:5:main	408	static
main.c:615:6:SystemClock_Config	88	static
main.c:662:6:Error_Handler	4	static,ignoring_inline_asm
