main.c:96:6:HAL_UART_RxCpltCallback	16	static
main.c:102:8:screen_format	16	static
main.c:117:5:Linear	32	static
main.c:122:5:AQIPM25	16	static
main.c:152:6:gps_dots	24	static
main.c:159:6:battery_dots_vert	24	static
main.c:171:6:initDisplay	8	static
main.c:184:6:updateDisplay	56	static
main.c:233:6:welcomeDisplay	8	static
main.c:247:6:lowBatteryDisplay	16	static
main.c:259:5:SHTC3_read_data	32	static
main.c:293:7:compensateRH	48	static
main.c:303:7:compensateT	16	static
main.c:307:6:KX023_read_tilt	40	static
main.c:320:6:initRGBLED	8	static
main.c:334:6:setStatLED	24	static
main.c:342:6:setAirLED	24	static
main.c:350:6:AirLED_on	8	static
main.c:356:6:AirLED_off	8	static
main.c:360:6:renameBT	40	static
main.c:374:6:generateFilename	24	static
main.c:386:6:myprintf	16	static
main.c:398:5:saveToSD	24	static
main.c:415:5:writeFileHeader	256	static
main.c:434:6:updateADC	8	static
main.c:449:5:main	408	static
main.c:580:6:SystemClock_Config	88	static
main.c:627:6:Error_Handler	4	static,ignoring_inline_asm
