main.c:94:6:HAL_UART_RxCpltCallback	16	static
main.c:100:8:screen_format	16	static
main.c:115:5:Linear	32	static
main.c:120:5:AQIPM25	16	static
main.c:150:6:gps_dots	24	static
main.c:157:6:battery_dots_vert	24	static
main.c:169:6:initDisplay	8	static
main.c:182:6:updateDisplay	56	static
main.c:231:6:welcomeDisplay	8	static
main.c:245:6:lowBatteryDisplay	16	static
main.c:257:5:SHTC3_read_data	32	static
main.c:291:6:KX023_read_tilt	40	static
main.c:304:6:initRGBLED	8	static
main.c:318:6:setStatLED	24	static
main.c:326:6:setAirLED	24	static
main.c:334:6:AirLED_on	8	static
main.c:340:6:AirLED_off	8	static
main.c:344:6:renameBT	40	static
main.c:358:6:generateFilename	24	static
main.c:370:6:myprintf	16	static
main.c:382:5:saveToSD	24	static
main.c:399:5:writeFileHeader	256	static
main.c:418:6:updateADC	8	static
main.c:433:5:main	376	static
main.c:561:6:SystemClock_Config	88	static
main.c:608:6:Error_Handler	4	static,ignoring_inline_asm
