stm32l0xx_hal_uart.c:290:19:HAL_UART_Init	16	static
stm32l0xx_hal_uart.c:363:19:HAL_HalfDuplex_Init	16	static
stm32l0xx_hal_uart.c:436:19:HAL_LIN_Init	16	static
stm32l0xx_hal_uart.c:533:19:HAL_MultiProcessor_Init	24	static
stm32l0xx_hal_uart.c:607:19:HAL_UART_DeInit	16	static
stm32l0xx_hal_uart.c:653:13:HAL_UART_MspInit	16	static
stm32l0xx_hal_uart.c:668:13:HAL_UART_MspDeInit	16	static
stm32l0xx_hal_uart.c:1085:19:HAL_UART_Transmit	48	static
stm32l0xx_hal_uart.c:1186:19:HAL_UART_Receive	48	static
stm32l0xx_hal_uart.c:1288:19:HAL_UART_Transmit_IT	24	static
stm32l0xx_hal_uart.c:1357:19:HAL_UART_Receive_IT	24	static
stm32l0xx_hal_uart.c:1416:19:HAL_UART_Transmit_DMA	24	static
stm32l0xx_hal_uart.c:1508:19:HAL_UART_Receive_DMA	24	static
stm32l0xx_hal_uart.c:1557:19:HAL_UART_DMAPause	24	static
stm32l0xx_hal_uart.c:1591:19:HAL_UART_DMAResume	16	static
stm32l0xx_hal_uart.c:1623:19:HAL_UART_DMAStop	24	static
stm32l0xx_hal_uart.c:1698:19:HAL_UART_Abort	16	static
stm32l0xx_hal_uart.c:1793:19:HAL_UART_AbortTransmit	16	static
stm32l0xx_hal_uart.c:1845:19:HAL_UART_AbortReceive	16	static
stm32l0xx_hal_uart.c:1912:19:HAL_UART_Abort_IT	24	static
stm32l0xx_hal_uart.c:2058:19:HAL_UART_AbortTransmit_IT	16	static
stm32l0xx_hal_uart.c:2142:19:HAL_UART_AbortReceive_IT	16	static
stm32l0xx_hal_uart.c:2234:6:HAL_UART_IRQHandler	40	static
stm32l0xx_hal_uart.c:2525:13:HAL_UART_TxCpltCallback	16	static
stm32l0xx_hal_uart.c:2540:13:HAL_UART_TxHalfCpltCallback	16	static
stm32l0xx_hal_uart.c:2555:13:HAL_UART_RxCpltCallback	16	static
stm32l0xx_hal_uart.c:2570:13:HAL_UART_RxHalfCpltCallback	16	static
stm32l0xx_hal_uart.c:2585:13:HAL_UART_ErrorCallback	16	static
stm32l0xx_hal_uart.c:2600:13:HAL_UART_AbortCpltCallback	16	static
stm32l0xx_hal_uart.c:2615:13:HAL_UART_AbortTransmitCpltCallback	16	static
stm32l0xx_hal_uart.c:2630:13:HAL_UART_AbortReceiveCpltCallback	16	static
stm32l0xx_hal_uart.c:2647:13:HAL_UARTEx_RxEventCallback	16	static
stm32l0xx_hal_uart.c:2695:6:HAL_UART_ReceiverTimeout_Config	16	static
stm32l0xx_hal_uart.c:2710:19:HAL_UART_EnableReceiverTimeout	16	static
stm32l0xx_hal_uart.c:2748:19:HAL_UART_DisableReceiverTimeout	16	static
stm32l0xx_hal_uart.c:2786:19:HAL_MultiProcessor_EnableMuteMode	16	static
stm32l0xx_hal_uart.c:2806:19:HAL_MultiProcessor_DisableMuteMode	16	static
stm32l0xx_hal_uart.c:2826:6:HAL_MultiProcessor_EnterMuteMode	16	static
stm32l0xx_hal_uart.c:2836:19:HAL_HalfDuplex_EnableTransmitter	16	static
stm32l0xx_hal_uart.c:2859:19:HAL_HalfDuplex_EnableReceiver	16	static
stm32l0xx_hal_uart.c:2883:19:HAL_LIN_SendBreak	16	static
stm32l0xx_hal_uart.c:2928:23:HAL_UART_GetState	24	static
stm32l0xx_hal_uart.c:2944:10:HAL_UART_GetError	16	static
stm32l0xx_hal_uart.c:2988:19:UART_SetConfig	72	static
stm32l0xx_hal_uart.c:3212:6:UART_AdvFeatureConfig	16	static
stm32l0xx_hal_uart.c:3286:19:UART_CheckIdleState	32	static
stm32l0xx_hal_uart.c:3337:19:UART_WaitOnFlagUntilTimeout	24	static
stm32l0xx_hal_uart.c:3399:19:UART_Start_Receive_IT	24	static
stm32l0xx_hal_uart.c:3443:19:UART_Start_Receive_DMA	24	static
stm32l0xx_hal_uart.c:3500:13:UART_EndTxTransfer	16	static
stm32l0xx_hal_uart.c:3515:13:UART_EndRxTransfer	16	static
stm32l0xx_hal_uart.c:3541:13:UART_DMATransmitCplt	24	static
stm32l0xx_hal_uart.c:3575:13:UART_DMATxHalfCplt	24	static
stm32l0xx_hal_uart.c:3593:13:UART_DMAReceiveCplt	24	static
stm32l0xx_hal_uart.c:3650:13:UART_DMARxHalfCplt	24	static
stm32l0xx_hal_uart.c:3684:13:UART_DMAError	32	static
stm32l0xx_hal_uart.c:3724:13:UART_DMAAbortOnError	24	static
stm32l0xx_hal_uart.c:3747:13:UART_DMATxAbortCallback	24	static
stm32l0xx_hal_uart.c:3797:13:UART_DMARxAbortCallback	24	static
stm32l0xx_hal_uart.c:3849:13:UART_DMATxOnlyAbortCallback	24	static
stm32l0xx_hal_uart.c:3877:13:UART_DMARxOnlyAbortCallback	24	static
stm32l0xx_hal_uart.c:3910:13:UART_TxISR_8BIT	16	static
stm32l0xx_hal_uart.c:3939:13:UART_TxISR_16BIT	24	static
stm32l0xx_hal_uart.c:3971:13:UART_EndTransmit_IT	16	static
stm32l0xx_hal_uart.c:3996:13:UART_RxISR_8BIT	24	static
stm32l0xx_hal_uart.c:4066:13:UART_RxISR_16BIT	24	static
