stm32l0xx_hal_adc.c:402:19:HAL_ADC_Init	16	static
stm32l0xx_hal_adc.c:648:19:HAL_ADC_DeInit	32	static
stm32l0xx_hal_adc.c:779:13:HAL_ADC_MspInit	16	static
stm32l0xx_hal_adc.c:794:13:HAL_ADC_MspDeInit	16	static
stm32l0xx_hal_adc.c:1032:19:HAL_ADC_Start	32	static
stm32l0xx_hal_adc.c:1098:19:HAL_ADC_Stop	32	static
stm32l0xx_hal_adc.c:1152:19:HAL_ADC_PollForConversion	24	static
stm32l0xx_hal_adc.c:1278:19:HAL_ADC_PollForEvent	32	static
stm32l0xx_hal_adc.c:1361:19:HAL_ADC_Start_IT	32	static
stm32l0xx_hal_adc.c:1442:19:HAL_ADC_Stop_IT	32	static
stm32l0xx_hal_adc.c:1492:19:HAL_ADC_Start_DMA	40	static
stm32l0xx_hal_adc.c:1582:19:HAL_ADC_Stop_DMA	32	static
stm32l0xx_hal_adc.c:1667:10:HAL_ADC_GetValue	16	static
stm32l0xx_hal_adc.c:1684:6:HAL_ADC_IRQHandler	16	static
stm32l0xx_hal_adc.c:1815:13:HAL_ADC_ConvCpltCallback	16	static
stm32l0xx_hal_adc.c:1830:13:HAL_ADC_ConvHalfCpltCallback	16	static
stm32l0xx_hal_adc.c:1845:13:HAL_ADC_LevelOutOfWindowCallback	16	static
stm32l0xx_hal_adc.c:1867:13:HAL_ADC_ErrorCallback	16	static
stm32l0xx_hal_adc.c:1918:19:HAL_ADC_ConfigChannel	16	static
stm32l0xx_hal_adc.c:2037:19:HAL_ADC_AnalogWDGConfig	32	static
stm32l0xx_hal_adc.c:2154:10:HAL_ADC_GetState	16	static
stm32l0xx_hal_adc.c:2168:10:HAL_ADC_GetError	16	static
stm32l0xx_hal_adc.c:2201:26:ADC_Enable	24	static
stm32l0xx_hal_adc.c:2259:26:ADC_Disable	24	static
stm32l0xx_hal_adc.c:2316:26:ADC_ConversionStop	24	static
stm32l0xx_hal_adc.c:2367:13:ADC_DMAConvCplt	24	static
stm32l0xx_hal_adc.c:2431:13:ADC_DMAHalfConvCplt	24	static
stm32l0xx_hal_adc.c:2449:13:ADC_DMAError	24	static
stm32l0xx_hal_adc.c:2473:13:ADC_DelayMicroSecond	24	static
