main.c:119:6:HAL_UART_RxCpltCallback	16	static
main.c:126:8:convertDegMinToDecDeg	40	static
main.c:141:6:GPS_Init	8	static
main.c:152:6:GPS_CallBack	8	static
main.c:168:6:GPS_Process	88	static
main.c:234:8:screen_format	16	static
main.c:249:5:Linear	32	static
main.c:254:5:AQIPM25	32	static
main.c:284:6:gps_dots	24	static
main.c:291:6:battery_dots_vert	24	static
main.c:303:6:initDisplay	8	static
main.c:316:6:updateDisplay	56	static
main.c:365:6:welcomeDisplay	8	static
main.c:379:6:lowBatteryDisplay	16	static
main.c:392:9:CalcCrc	32	static
main.c:407:5:SHTC3_read_data	40	static
main.c:441:7:compensateRH	56	static
main.c:451:7:compensateT	16	static
main.c:455:6:initRGBLED	8	static
main.c:470:6:setStatLED	24	static
main.c:478:6:setAirLED	24	static
main.c:488:6:AirLED_on	8	static
main.c:494:6:AirLED_off	8	static
main.c:498:6:renameBT	24	static
main.c:512:6:generateFilename	56	static
main.c:524:6:myprintf	16	static
main.c:536:5:saveToSD	24	static
main.c:553:5:writeFileHeader	264	static
main.c:572:6:updateADC	8	static
main.c:584:6:SPS30_start_measurement	40	static
main.c:592:6:SPS30_stop_measurement	32	static
main.c:597:9:SPS30_read_data	112	static
main.c:614:9:SPS30_data_ready	32	static
main.c:622:6:SPS30_clean_fan	32	static
main.c:627:6:SPS30_get_serial	64	static
main.c:635:6:SPS30_reset	32	static
main.c:641:6:SPS30_read_serialnumber	88	static
main.c:672:5:main	416	static
main.c:794:6:SystemClock_Config	120	static
main.c:845:13:MX_ADC_Init	16	static
main.c:913:13:MX_I2C1_Init	8	static
main.c:959:13:MX_I2C2_Init	8	static
main.c:1005:13:MX_SPI1_Init	8	static
main.c:1043:13:MX_SPI2_Init	8	static
main.c:1081:13:MX_TIM2_Init	32	static
main.c:1130:13:MX_TIM3_Init	32	static
main.c:1195:13:MX_USART1_UART_Init	8	static
main.c:1230:13:MX_USART2_UART_Init	8	static
main.c:1265:13:MX_GPIO_Init	56	static
main.c:1327:6:Error_Handler	8	static,ignoring_inline_asm
