stm32l0xx_hal_msp.c:66:6:HAL_MspInit	8	static
stm32l0xx_hal_msp.c:88:6:HAL_ADC_MspInit	48	static
stm32l0xx_hal_msp.c:123:6:HAL_ADC_MspDeInit	16	static
stm32l0xx_hal_msp.c:153:6:HAL_I2C_MspInit	56	static
stm32l0xx_hal_msp.c:213:6:HAL_I2C_MspDeInit	16	static
stm32l0xx_hal_msp.c:264:6:HAL_SPI_MspInit	56	static
stm32l0xx_hal_msp.c:326:6:HAL_SPI_MspDeInit	16	static
stm32l0xx_hal_msp.c:375:6:HAL_TIM_PWM_MspInit	16	static
stm32l0xx_hal_msp.c:402:6:HAL_TIM_MspPostInit	56	static
stm32l0xx_hal_msp.c:465:6:HAL_TIM_PWM_MspDeInit	16	static
stm32l0xx_hal_msp.c:498:6:HAL_UART_MspInit	56	static
stm32l0xx_hal_msp.c:561:6:HAL_UART_MspDeInit	16	static
