u8g2_font.c:111:16:u8g2_font_get_byte	16	static
u8g2_font.c:118:17:u8g2_font_get_word	24	static
u8g2_font.c:131:6:u8g2_read_font_info	16	static
u8g2_font.c:170:8:u8g2_GetFontSize	24	static
u8g2_font.c:205:9:u8g2_GetFontBBXWidth	16	static
u8g2_font.c:210:9:u8g2_GetFontBBXHeight	16	static
u8g2_font.c:216:8:u8g2_GetFontBBXOffX	16	static
u8g2_font.c:222:8:u8g2_GetFontBBXOffY	16	static
u8g2_font.c:228:9:u8g2_GetFontCapitalAHeight	16	static
u8g2_font.c:237:9:u8g2_font_decode_get_unsigned_bits	24	static
u8g2_font.c:282:8:u8g2_font_decode_get_signed_bits	24	static
u8g2_font.c:297:20:u8g2_add_vector_y	16	static
u8g2_font.c:318:20:u8g2_add_vector_x	16	static
u8g2_font.c:359:6:u8g2_font_decode_len	40	static
u8g2_font.c:453:13:u8g2_font_setup_decode	24	static
u8g2_font.c:487:8:u8g2_font_decode_glyph	40	static
u8g2_font.c:592:16:u8g2_font_get_glyph_data	32	static
u8g2_font.c:679:20:u8g2_font_draw_glyph	24	static
u8g2_font.c:696:9:u8g2_IsGlyph	16	static
u8g2_font.c:705:8:u8g2_GetGlyphWidth	24	static
u8g2_font.c:728:6:u8g2_SetFontMode	16	static
u8g2_font.c:733:13:u8g2_DrawGlyph	16	static
u8g2_font.c:758:20:u8g2_draw_string	32	static
u8g2_font.c:800:13:u8g2_DrawStr	24	static
u8g2_font.c:816:13:u8g2_DrawUTF8	24	static
u8g2_font.c:824:13:u8g2_DrawExtendedUTF8	24	static
u8g2_font.c:871:13:u8g2_DrawExtUTF8	24	static
u8g2_font.c:931:6:u8g2_UpdateRefHeight	16	static
u8g2_font.c:956:6:u8g2_SetFontRefHeightText	16	static
u8g2_font.c:962:6:u8g2_SetFontRefHeightExtendedText	16	static
u8g2_font.c:968:6:u8g2_SetFontRefHeightAll	16	static
u8g2_font.c:977:13:u8g2_font_calc_vref_font	16	static
u8g2_font.c:982:6:u8g2_SetFontPosBaseline	16	static
u8g2_font.c:988:13:u8g2_font_calc_vref_bottom	16	static
u8g2_font.c:993:6:u8g2_SetFontPosBottom	16	static
u8g2_font.c:998:13:u8g2_font_calc_vref_top	24	static
u8g2_font.c:1007:6:u8g2_SetFontPosTop	16	static
u8g2_font.c:1012:13:u8g2_font_calc_vref_center	24	static
u8g2_font.c:1022:6:u8g2_SetFontPosCenter	16	static
u8g2_font.c:1029:6:u8g2_SetFont	16	static
u8g2_font.c:1047:16:u8g2_is_all_valid	24	static
u8g2_font.c:1066:9:u8g2_IsAllValidUTF8	16	static
u8g2_font.c:1075:20:u8g2_string_width	24	static
u8g2_font.c:1115:13:u8g2_GetGlyphHorizontalProperties	32	static
u8g2_font.c:1129:8:u8g2_GetStrX	32	static
u8g2_font.c:1139:20:u8g2_calculate_exact_string_width	32	static
u8g2_font.c:1212:13:u8g2_GetStrWidth	16	static
u8g2_font.c:1218:13:u8g2_GetExactStrWidth	16	static
u8g2_font.c:1234:13:u8g2_GetUTF8Width	16	static
u8g2_font.c:1242:6:u8g2_SetFontDirection	16	static
