15:33:09 **** Incremental Build of configuration Debug for project Firmware ****
make -j12 all 
arm-none-eabi-gcc -o "Firmware.elf" @"objects.list"   -mcpu=cortex-m4 -T"C:\Users\Sebastian\OneDrive - University of Cambridge\University\open-seneca\Hardware\integrated-aq-sensor\Firmware\STM32F405RGT6\STM32F405RGTX_FLASH.ld" --specs=nosys.specs -Wl,-Map="Firmware.map" -Wl,--gc-sections -static --specs=nano.specs -mfpu=fpv4-sp-d16 -mfloat-abi=hard -mthumb -u _printf_float -u _scanf_float -Wl,--start-group -lc -lm -Wl,--end-group
Finished building target: Firmware.elf
 
arm-none-eabi-size   Firmware.elf 
arm-none-eabi-objdump -h -S  Firmware.elf  > "Firmware.list"
arm-none-eabi-objcopy  -O binary  Firmware.elf  "Firmware.bin"
   text	   data	    bss	    dec	    hex	filename
 108168	    892	  13824	 122884	  1e004	Firmware.elf
Finished building: default.size.stdout
 
Finished building: Firmware.bin
 
Finished building: Firmware.list
 
arm-none-eabi-objcopy -O ihex Firmware.elf Firmware.hex
 

15:33:11 Build Finished. 0 errors, 0 warnings. (took 1s.882ms)

