01:05:15 **** Incremental Build of configuration Debug for project Firmware ****
make -j12 all 
arm-none-eabi-gcc "../Core/Src/GPS.c" -mcpu=cortex-m4 -std=gnu11 -g3 -DSTM32F405xx -DUSE_HAL_DRIVER -DDEBUG -c -I../Core/Inc -I../Drivers/STM32F4xx_HAL_Driver/Inc -I../Drivers/STM32F4xx_HAL_Driver/Inc/Legacy -I../Drivers/CMSIS/Device/ST/STM32F4xx/Include -I../Drivers/CMSIS/Include -I../FATFS/App -I../FATFS/Target -I../Middlewares/Third_Party/FatFs/src -I../USB_DEVICE/App -I../USB_DEVICE/Target -I../Middlewares/ST/STM32_USB_Device_Library/Core/Inc -I../Middlewares/ST/STM32_USB_Device_Library/Class/CDC/Inc -O0 -ffunction-sections -fdata-sections -Wall -fstack-usage -MMD -MP -MF"Core/Src/GPS.d" -MT"Core/Src/GPS.o" --specs=nano.specs -mfpu=fpv4-sp-d16 -mfloat-abi=hard -mthumb -o "Core/Src/GPS.o"
arm-none-eabi-gcc "../Core/Src/main.c" -mcpu=cortex-m4 -std=gnu11 -g3 -DSTM32F405xx -DUSE_HAL_DRIVER -DDEBUG -c -I../Core/Inc -I../Drivers/STM32F4xx_HAL_Driver/Inc -I../Drivers/STM32F4xx_HAL_Driver/Inc/Legacy -I../Drivers/CMSIS/Device/ST/STM32F4xx/Include -I../Drivers/CMSIS/Include -I../FATFS/App -I../FATFS/Target -I../Middlewares/Third_Party/FatFs/src -I../USB_DEVICE/App -I../USB_DEVICE/Target -I../Middlewares/ST/STM32_USB_Device_Library/Core/Inc -I../Middlewares/ST/STM32_USB_Device_Library/Class/CDC/Inc -I"C:/Users/Sebastian/OneDrive - University of Cambridge/University/open-seneca/Hardware/integrated-aq-sensor/Firmware" -O0 -ffunction-sections -fdata-sections -Wall -fstack-usage -MMD -MP -MF"Core/Src/main.d" -MT"Core/Src/main.o" --specs=nano.specs -mfpu=fpv4-sp-d16 -mfloat-abi=hard -mthumb -o "Core/Src/main.o"
../Core/Src/GPS.c: In function 'GPS_Process':
../Core/Src/GPS.c:52:36: warning: pointer targets in passing argument 1 of 'strlen' differ in signedness [-Wpointer-sign]
   52 |  GPS.GPGGA.Buffer_Size = strlen(GPS.rxBuffer);
      |                                 ~~~^~~~~~~~~
      |                                    |
      |                                    uint8_t * {aka unsigned char *}
In file included from ../Core/Src/GPS.c:4:
c:\st\stm32cubeide_1.6.0\stm32cubeide\plugins\com.st.stm32cube.ide.mcu.externaltools.gnu-tools-for-stm32.9-2020-q2-update.win32_1.5.0.202011040924\tools\arm-none-eabi\include\string.h:41:17: note: expected 'const char *' but argument is of type 'uint8_t *' {aka 'unsigned char *'}
   41 | size_t  strlen (const char *);
      |                 ^~~~~~~~~~~~
../Core/Src/GPS.c:58:40: warning: format '%d' expects argument of type 'int *', but argument 9 has type 'uint8_t *' {aka 'unsigned char *'} [-Wformat=]
   58 |   sscanf(str,"GNGGA,%f,%f,%c,%f,%c,%d,%d,%f,%f",&GPS.GPGGA.HHMMSS,&GPS.GPGGA.Latitude,&GPS.GPGGA.NS_Indicator,&GPS.GPGGA.Longitude,&GPS.GPGGA.EW_Indicator,&GPS.GPGGA.PositionFixIndicator,&GPS.GPGGA.SatellitesUsed,&GPS.GPGGA.HDOP,&GPS.GPGGA.MSL_Altitude);  // GNGGA instead of GPGGA
      |                                       ~^                                                                                                                                                   ~~~~~~~~~~~~~~~~~~~~~~~~~
      |                                        |                                                                                                                                                   |
      |                                        int *                                                                                                                                               uint8_t * {aka unsigned char *}
      |                                       %hhd
../Core/Src/GPS.c:79:27: warning: format '%d' expects argument of type 'int *', but argument 4 has type 'uint8_t *' {aka 'unsigned char *'} [-Wformat=]
   79 |    sscanf(str2,"GNZDA,%f,%d,%d,%d",&GPS.GPGGA.HHMMSS,&GPS.GPGGA.UTC_Day,&GPS.GPGGA.UTC_Month,&GPS.GPGGA.UTC_Year);
      |                          ~^                          ~~~~~~~~~~~~~~~~~~
      |                           |                          |
      |                           int *                      uint8_t * {aka unsigned char *}
      |                          %hhd
../Core/Src/GPS.c:79:30: warning: format '%d' expects argument of type 'int *', but argument 5 has type 'uint8_t *' {aka 'unsigned char *'} [-Wformat=]
   79 |    sscanf(str2,"GNZDA,%f,%d,%d,%d",&GPS.GPGGA.HHMMSS,&GPS.GPGGA.UTC_Day,&GPS.GPGGA.UTC_Month,&GPS.GPGGA.UTC_Year);
      |                             ~^                                          ~~~~~~~~~~~~~~~~~~~~
      |                              |                                          |
      |                              int *                                      uint8_t * {aka unsigned char *}
      |                             %hhd
../Core/Src/GPS.c:79:33: warning: format '%d' expects argument of type 'int *', but argument 6 has type 'uint16_t *' {aka 'short unsigned int *'} [-Wformat=]
   79 |    sscanf(str2,"GNZDA,%f,%d,%d,%d",&GPS.GPGGA.HHMMSS,&GPS.GPGGA.UTC_Day,&GPS.GPGGA.UTC_Month,&GPS.GPGGA.UTC_Year);
      |                                ~^                                                            ~~~~~~~~~~~~~~~~~~~
      |                                 |                                                            |
      |                                 int *                                                        uint16_t * {aka short unsigned int *}
      |                                %hd
../Core/Src/GPS.c:89:53: warning: format '%s' expects argument of type 'char *', but argument 3 has type 'uint8_t (*)[5]' {aka 'unsigned char (*)[5]'} [-Wformat=]
   89 |    if (sscanf(str3,"GNRMC,%*f,%*c,%*f,%*c,%*f,%*c,%4s,",&speed) > 0) {
      |                                                   ~~^   ~~~~~~
      |                                                     |   |
      |                                                     |   uint8_t (*)[5] {aka unsigned char (*)[5]}
      |                                                     char *
../Core/Src/GPS.c:90:32: warning: pointer targets in passing argument 1 of 'atof' differ in signedness [-Wpointer-sign]
   90 |     GPS.GPGGA.Speed_KTS = atof(speed);
      |                                ^~~~~
      |                                |
      |                                uint8_t * {aka unsigned char *}
In file included from ../Core/Src/GPS.c:6:
c:\st\stm32cubeide_1.6.0\stm32cubeide\plugins\com.st.stm32cube.ide.mcu.externaltools.gnu-tools-for-stm32.9-2020-q2-update.win32_1.5.0.202011040924\tools\arm-none-eabi\include\stdlib.h:77:26: note: expected 'const char *' but argument is of type 'uint8_t *' {aka 'unsigned char *'}
   77 | double atof (const char *__nptr);
      |              ~~~~~~~~~~~~^~~~~~
../Core/Src/main.c: In function 'SHTC3_read_data':
../Core/Src/main.c:251:74: warning: passing argument 3 of 'HAL_I2C_Master_Transmit' from incompatible pointer type [-Wincompatible-pointer-types]
  251 |    HAL_StatusTypeDef status = HAL_I2C_Master_Transmit(&hi2c1, (0x70<<1), &txBuf, 2, HAL_MAX_DELAY);
      |                                                                          ^~~~~~
      |                                                                          |
      |                                                                          uint8_t (*)[2] {aka unsigned char (*)[2]}
In file included from ../Core/Inc/stm32f4xx_hal_conf.h:356,
                 from ../Drivers/STM32F4xx_HAL_Driver/Inc/stm32f4xx_hal.h:30,
                 from ../Core/Inc/main.h:31,
                 from ../Core/Src/main.c:21:
../Drivers/STM32F4xx_HAL_Driver/Inc/stm32f4xx_hal_i2c.h:567:98: note: expected 'uint8_t *' {aka 'unsigned char *'} but argument is of type 'uint8_t (*)[2]' {aka 'unsigned char (*)[2]'}
  567 | HAL_StatusTypeDef HAL_I2C_Master_Transmit(I2C_HandleTypeDef *hi2c, uint16_t DevAddress, uint8_t *pData, uint16_t Size, uint32_t Timeout);
      |                                                                                         ~~~~~~~~~^~~~~
../Core/Src/main.c: In function 'initRGBLED':
../Core/Src/main.c:290:2: warning: implicit declaration of function 'setAirLED' [-Wimplicit-function-declaration]
  290 |  setAirLED(100, 100, 100);
      |  ^~~~~~~~~
../Core/Src/main.c:291:2: warning: implicit declaration of function 'setStatLED'; did you mean 'setstate'? [-Wimplicit-function-declaration]
  291 |  setStatLED(100, 100, 100);
      |  ^~~~~~~~~~
      |  setstate
../Core/Src/main.c: At top level:
../Core/Src/main.c:295:6: warning: conflicting types for 'setStatLED'
  295 | void setStatLED(int r, int g, int b) { // values 0-100
      |      ^~~~~~~~~~
../Core/Src/main.c:291:2: note: previous implicit declaration of 'setStatLED' was here
  291 |  setStatLED(100, 100, 100);
      |  ^~~~~~~~~~
../Core/Src/main.c:303:6: warning: conflicting types for 'setAirLED'
  303 | void setAirLED(int r, int g, int b) { // values 0-100
      |      ^~~~~~~~~
../Core/Src/main.c:290:2: note: previous implicit declaration of 'setAirLED' was here
  290 |  setAirLED(100, 100, 100);
      |  ^~~~~~~~~
../Core/Src/main.c: In function 'renameBT':
../Core/Src/main.c:324:10: warning: pointer targets in passing argument 1 of 'sprintf' differ in signedness [-Wpointer-sign]
  324 |  sprintf(btname, "%s%c%c%c", "OPEN-SENE", SPS30.serial[13], SPS30.serial[14], SPS30.serial[15]);
      |          ^~~~~~
      |          |
      |          uint8_t * {aka unsigned char *}
In file included from ../USB_DEVICE/Target/usbd_conf.h:31,
                 from ../Middlewares/ST/STM32_USB_Device_Library/Core/Inc/usbd_def.h:29,
                 from ../USB_DEVICE/App/usb_device.h:33,
                 from ../Core/Src/main.c:28:
c:\st\stm32cubeide_1.6.0\stm32cubeide\plugins\com.st.stm32cube.ide.mcu.externaltools.gnu-tools-for-stm32.9-2020-q2-update.win32_1.5.0.202011040924\tools\arm-none-eabi\include\stdio.h:244:14: note: expected 'char * restrict' but argument is of type 'uint8_t *' {aka 'unsigned char *'}
  244 | int sprintf (char *__restrict, const char *__restrict, ...)
      |              ^
../Core/Src/main.c:326:10: warning: pointer targets in passing argument 1 of 'sprintf' differ in signedness [-Wpointer-sign]
  326 |  sprintf(btcmd, "%s%s", "AT+NAME", btname);
      |          ^~~~~
      |          |
      |          uint8_t * {aka unsigned char *}
In file included from ../USB_DEVICE/Target/usbd_conf.h:31,
                 from ../Middlewares/ST/STM32_USB_Device_Library/Core/Inc/usbd_def.h:29,
                 from ../USB_DEVICE/App/usb_device.h:33,
                 from ../Core/Src/main.c:28:
c:\st\stm32cubeide_1.6.0\stm32cubeide\plugins\com.st.stm32cube.ide.mcu.externaltools.gnu-tools-for-stm32.9-2020-q2-update.win32_1.5.0.202011040924\tools\arm-none-eabi\include\stdio.h:244:14: note: expected 'char * restrict' but argument is of type 'uint8_t *' {aka 'unsigned char *'}
  244 | int sprintf (char *__restrict, const char *__restrict, ...)
      |              ^
../Core/Src/main.c: In function 'generateFilename':
../Core/Src/main.c:340:11: warning: pointer targets in passing argument 1 of 'sprintf' differ in signedness [-Wpointer-sign]
  340 |   sprintf(filename, "%c%c%c%04d.csv", SPS30.serial[13], SPS30.serial[14], SPS30.serial[15], filenumber);
      |           ^~~~~~~~
      |           |
      |           uint8_t * {aka unsigned char *}
In file included from ../USB_DEVICE/Target/usbd_conf.h:31,
                 from ../Middlewares/ST/STM32_USB_Device_Library/Core/Inc/usbd_def.h:29,
                 from ../USB_DEVICE/App/usb_device.h:33,
                 from ../Core/Src/main.c:28:
c:\st\stm32cubeide_1.6.0\stm32cubeide\plugins\com.st.stm32cube.ide.mcu.externaltools.gnu-tools-for-stm32.9-2020-q2-update.win32_1.5.0.202011040924\tools\arm-none-eabi\include\stdio.h:244:14: note: expected 'char * restrict' but argument is of type 'uint8_t *' {aka 'unsigned char *'}
  244 | int sprintf (char *__restrict, const char *__restrict, ...)
      |              ^
../Core/Src/main.c:341:22: warning: pointer targets in passing argument 2 of 'f_open' differ in signedness [-Wpointer-sign]
  341 |   res = f_open(&fil, filename, FA_READ);
      |                      ^~~~~~~~
      |                      |
      |                      uint8_t * {aka unsigned char *}
In file included from ../FATFS/App/fatfs.h:26,
                 from ../Core/Src/main.c:23:
../Middlewares/Third_Party/FatFs/src/ff.h:242:39: note: expected 'const TCHAR *' {aka 'const char *'} but argument is of type 'uint8_t *' {aka 'unsigned char *'}
  242 | FRESULT f_open (FIL* fp, const TCHAR* path, BYTE mode);    /* Open or create a file */
      |                          ~~~~~~~~~~~~~^~~~
../Core/Src/main.c: In function 'saveToSD':
../Core/Src/main.c:362:19: warning: pointer targets in passing argument 2 of 'f_open' differ in signedness [-Wpointer-sign]
  362 |  if (f_open(&fil, filename, FA_WRITE | FA_OPEN_APPEND) != FR_OK) return -1;
      |                   ^~~~~~~~
      |                   |
      |                   uint8_t * {aka unsigned char *}
In file included from ../FATFS/App/fatfs.h:26,
                 from ../Core/Src/main.c:23:
../Middlewares/Third_Party/FatFs/src/ff.h:242:39: note: expected 'const TCHAR *' {aka 'const char *'} but argument is of type 'uint8_t *' {aka 'unsigned char *'}
  242 | FRESULT f_open (FIL* fp, const TCHAR* path, BYTE mode);    /* Open or create a file */
      |                          ~~~~~~~~~~~~~^~~~
../Core/Src/main.c: In function 'writeFileHeader':
../Core/Src/main.c:379:19: warning: pointer targets in passing argument 2 of 'f_open' differ in signedness [-Wpointer-sign]
  379 |  if (f_open(&fil, filename, FA_WRITE | FA_OPEN_APPEND) != FR_OK) return -1;
      |                   ^~~~~~~~
      |                   |
      |                   uint8_t * {aka unsigned char *}
In file included from ../FATFS/App/fatfs.h:26,
                 from ../Core/Src/main.c:23:
../Middlewares/Third_Party/FatFs/src/ff.h:242:39: note: expected 'const TCHAR *' {aka 'const char *'} but argument is of type 'uint8_t *' {aka 'unsigned char *'}
  242 | FRESULT f_open (FIL* fp, const TCHAR* path, BYTE mode);    /* Open or create a file */
      |                          ~~~~~~~~~~~~~^~~~
../Core/Src/main.c:383:27: warning: pointer targets in passing argument 1 of 'sprintf' differ in signedness [-Wpointer-sign]
  383 |  uint8_t length = sprintf(details, "STM32_v0.1,,,SPS30_SN:%s\n", SPS30.serial);
      |                           ^~~~~~~
      |                           |
      |                           uint8_t * {aka unsigned char *}
In file included from ../USB_DEVICE/Target/usbd_conf.h:31,
                 from ../Middlewares/ST/STM32_USB_Device_Library/Core/Inc/usbd_def.h:29,
                 from ../USB_DEVICE/App/usb_device.h:33,
                 from ../Core/Src/main.c:28:
c:\st\stm32cubeide_1.6.0\stm32cubeide\plugins\com.st.stm32cube.ide.mcu.externaltools.gnu-tools-for-stm32.9-2020-q2-update.win32_1.5.0.202011040924\tools\arm-none-eabi\include\stdio.h:244:14: note: expected 'char * restrict' but argument is of type 'uint8_t *' {aka 'unsigned char *'}
  244 | int sprintf (char *__restrict, const char *__restrict, ...)
      |              ^
../Core/Src/main.c:387:19: warning: pointer targets in passing argument 1 of 'sprintf' differ in signedness [-Wpointer-sign]
  387 |  length = sprintf(header, "Counter,Latitude,Longitude,gpsUpdated,Speed,Altitude,Satellites,Date,Time,Millis,PM1.0,PM2.5,PM4.0,PM10,Temperature,Humidity,NC0.5,NC1.0,NC2.5,NC4.0,NC10,TypicalParticleSize,TVOC,eCO2,BatteryVIN\n");
      |                   ^~~~~~
      |                   |
      |                   uint8_t * {aka unsigned char *}
In file included from ../USB_DEVICE/Target/usbd_conf.h:31,
                 from ../Middlewares/ST/STM32_USB_Device_Library/Core/Inc/usbd_def.h:29,
                 from ../USB_DEVICE/App/usb_device.h:33,
                 from ../Core/Src/main.c:28:
c:\st\stm32cubeide_1.6.0\stm32cubeide\plugins\com.st.stm32cube.ide.mcu.externaltools.gnu-tools-for-stm32.9-2020-q2-update.win32_1.5.0.202011040924\tools\arm-none-eabi\include\stdio.h:244:14: note: expected 'char * restrict' but argument is of type 'uint8_t *' {aka 'unsigned char *'}
  244 | int sprintf (char *__restrict, const char *__restrict, ...)
      |              ^
../Core/Src/main.c: In function 'main':
../Core/Src/main.c:501:29: warning: pointer targets in passing argument 1 of 'sprintf' differ in signedness [-Wpointer-sign]
  501 |    uint8_t length = sprintf(data, "%d,%f,%f,%d," // counter, lat, lon, fix
      |                             ^~~~
      |                             |
      |                             uint8_t * {aka unsigned char *}
In file included from ../USB_DEVICE/Target/usbd_conf.h:31,
                 from ../Middlewares/ST/STM32_USB_Device_Library/Core/Inc/usbd_def.h:29,
                 from ../USB_DEVICE/App/usb_device.h:33,
                 from ../Core/Src/main.c:28:
c:\st\stm32cubeide_1.6.0\stm32cubeide\plugins\com.st.stm32cube.ide.mcu.externaltools.gnu-tools-for-stm32.9-2020-q2-update.win32_1.5.0.202011040924\tools\arm-none-eabi\include\stdio.h:244:14: note: expected 'char * restrict' but argument is of type 'uint8_t *' {aka 'unsigned char *'}
  244 | int sprintf (char *__restrict, const char *__restrict, ...)
      |              ^
../Core/Src/main.c:501:35: warning: format '%d' expects argument of type 'int', but argument 10 has type 'uint32_t' {aka 'long unsigned int'} [-Wformat=]
  501 |    uint8_t length = sprintf(data, "%d,%f,%f,%d," // counter, lat, lon, fix
      |                                   ^~~~~~~~~~~~~~
......
  506 |      GPS.GPGGA.Speed_KMH, GPS.GPGGA.MSL_Altitude, GPS.GPGGA.SatellitesUsed, GPS.GPGGA.YYYYMMDD, GPS.GPGGA.HHMMSS, millis,
      |                                                                             ~~~~~~~~~~~~~~~~~~
      |                                                                                      |
      |                                                                                      uint32_t {aka long unsigned int}
../Core/Src/main.c:502:21: note: format string is defined here
  502 |      "%.1f,%.1f,%d,%d,%.0f,%d," // speed, alt, sat, date, time, millis
      |                    ~^
      |                     |
      |                     int
      |                    %ld
../Core/Src/main.c:501:35: warning: format '%d' expects argument of type 'int', but argument 12 has type 'uint32_t' {aka 'long unsigned int'} [-Wformat=]
  501 |    uint8_t length = sprintf(data, "%d,%f,%f,%d," // counter, lat, lon, fix
      |                                   ^~~~~~~~~~~~~~
......
  506 |      GPS.GPGGA.Speed_KMH, GPS.GPGGA.MSL_Altitude, GPS.GPGGA.SatellitesUsed, GPS.GPGGA.YYYYMMDD, GPS.GPGGA.HHMMSS, millis,
      |                                                                                                                   ~~~~~~
      |                                                                                                                   |
      |                                                                                                                   uint32_t {aka long unsigned int}
../Core/Src/main.c:502:29: note: format string is defined here
  502 |      "%.1f,%.1f,%d,%d,%.0f,%d," // speed, alt, sat, date, time, millis
      |                            ~^
      |                             |
      |                             int
      |                            %ld
../Core/Src/main.c:513:4: warning: implicit declaration of function 'CDC_Transmit_FS' [-Wimplicit-function-declaration]
  513 |    CDC_Transmit_FS(data, length); // required for COM port
      |    ^~~~~~~~~~~~~~~
../Core/Src/main.c:515:17: warning: passing argument 1 of 'saveToSD' from incompatible pointer type [-Wincompatible-pointer-types]
  515 |    if (saveToSD(&data, length) == -1) noSD = 1;
      |                 ^~~~~
      |                 |
      |                 uint8_t (*)[164] {aka unsigned char (*)[164]}
../Core/Src/main.c:359:23: note: expected 'uint8_t *' {aka 'unsigned char *'} but argument is of type 'uint8_t (*)[164]' {aka 'unsigned char (*)[164]'}
  359 | int saveToSD(uint8_t *dBuf, uint8_t dBufLen) {
      |              ~~~~~~~~~^~~~
../Core/Src/main.c: In function 'renameBT':
../Core/Src/main.c:324:27: warning: 'sprintf' writing a terminating nul past the end of the destination [-Wformat-overflow=]
  324 |  sprintf(btname, "%s%c%c%c", "OPEN-SENE", SPS30.serial[13], SPS30.serial[14], SPS30.serial[15]);
      |                           ^
../Core/Src/main.c:324:2: note: 'sprintf' output 13 bytes into a destination of size 12
  324 |  sprintf(btname, "%s%c%c%c", "OPEN-SENE", SPS30.serial[13], SPS30.serial[14], SPS30.serial[15]);
      |  ^~~~~~~~~~~~~~~~~~~~~~~~~~~~~~~~~~~~~~~~~~~~~~~~~~~~~~~~~~~~~~~~~~~~~~~~~~~~~~~~~~~~~~~~~~~~~~
../Core/Src/main.c: In function 'generateFilename':
../Core/Src/main.c:340:36: warning: 'sprintf' writing a terminating nul past the end of the destination [-Wformat-overflow=]
  340 |   sprintf(filename, "%c%c%c%04d.csv", SPS30.serial[13], SPS30.serial[14], SPS30.serial[15], filenumber);
      |                                    ^
../Core/Src/main.c:340:3: note: 'sprintf' output between 12 and 19 bytes into a destination of size 11
  340 |   sprintf(filename, "%c%c%c%04d.csv", SPS30.serial[13], SPS30.serial[14], SPS30.serial[15], filenumber);
      |   ^~~~~~~~~~~~~~~~~~~~~~~~~~~~~~~~~~~~~~~~~~~~~~~~~~~~~~~~~~~~~~~~~~~~~~~~~~~~~~~~~~~~~~~~~~~~~~~~~~~~~
../Core/Src/main.c: In function 'writeFileHeader':
../Core/Src/main.c:393:1: warning: control reaches end of non-void function [-Wreturn-type]
  393 | }
      | ^
../Core/Src/main.c:383:19: warning: '%s' directive writing up to 31 bytes into a region of size 17 [-Wformat-overflow=]
  383 |  uint8_t length = sprintf(details, "STM32_v0.1,,,SPS30_SN:%s\n", SPS30.serial);
      |                   ^~~~~~~~~~~~~~~~~~~~~~~~~~~~~~~~~~~~~~~~~~~~~~~~~~~~~~~~~~~~
../Core/Src/main.c:383:19: note: 'sprintf' output between 24 and 55 bytes into a destination of size 39
../Core/Src/main.c:387:11: warning: 'sprintf' writing a terminating nul past the end of the destination [-Wformat-overflow=]
  387 |  length = sprintf(header, "Counter,Latitude,Longitude,gpsUpdated,Speed,Altitude,Satellites,Date,Time,Millis,PM1.0,PM2.5,PM4.0,PM10,Temperature,Humidity,NC0.5,NC1.0,NC2.5,NC4.0,NC10,TypicalParticleSize,TVOC,eCO2,BatteryVIN\n");
      |           ^~~~~~~~~~~~~~~~~~~~~~~~~~~~~~~~~~~~~~~~~~~~~~~~~~~~~~~~~~~~~~~~~~~~~~~~~~~~~~~~~~~~~~~~~~~~~~~~~~~~~~~~~~~~~~~~~~~~~~~~~~~~~~~~~~~~~~~~~~~~~~~~~~~~~~~~~~~~~~~~~~~~~~~~~~~~~~~~~~~~~~~~~~~~~~~~~~~~~~~~~~~~~~~~~~~~~~~
../Core/Src/main.c:387:11: note: 'sprintf' output 196 bytes into a destination of size 195
arm-none-eabi-gcc -o "Firmware.elf" @"objects.list"   -mcpu=cortex-m4 -T"C:\Users\Sebastian\OneDrive - University of Cambridge\University\open-seneca\Hardware\integrated-aq-sensor\Firmware\STM32F405RGTX_FLASH.ld" --specs=nosys.specs -Wl,-Map="Firmware.map" -Wl,--gc-sections -static --specs=nano.specs -mfpu=fpv4-sp-d16 -mfloat-abi=hard -mthumb -u _printf_float -u _scanf_float -Wl,--start-group -lc -lm -Wl,--end-group
Finished building target: Firmware.elf
 
arm-none-eabi-size   Firmware.elf 
arm-none-eabi-objdump -h -S  Firmware.elf  > "Firmware.list"
arm-none-eabi-objcopy  -O binary  Firmware.elf  "Firmware.bin"
   text	   data	    bss	    dec	    hex	filename
 102728	    892	  13160	 116780	  1c82c	Firmware.elf
Finished building: default.size.stdout
 
Finished building: Firmware.bin
 
Finished building: Firmware.list
 
arm-none-eabi-objcopy -O ihex Firmware.elf Firmware.hex
 

01:05:17 Build Finished. 0 errors, 30 warnings. (took 2s.185ms)

