01:35:58 **** Incremental Build of configuration Debug for project Firmware ****
make -j12 all 
arm-none-eabi-gcc "../Core/Src/main.c" -mcpu=cortex-m4 -std=gnu11 -g3 -DSTM32F405xx -DUSE_HAL_DRIVER -DDEBUG -c -I../Core/Inc -I../Drivers/STM32F4xx_HAL_Driver/Inc -I../Drivers/STM32F4xx_HAL_Driver/Inc/Legacy -I../Drivers/CMSIS/Device/ST/STM32F4xx/Include -I../Drivers/CMSIS/Include -I../FATFS/App -I../FATFS/Target -I../Middlewares/Third_Party/FatFs/src -I../USB_DEVICE/App -I../USB_DEVICE/Target -I../Middlewares/ST/STM32_USB_Device_Library/Core/Inc -I../Middlewares/ST/STM32_USB_Device_Library/Class/CDC/Inc -I"C:/Users/Sebastian/OneDrive - University of Cambridge/University/open-seneca/Hardware/integrated-aq-sensor/Firmware" -O0 -ffunction-sections -fdata-sections -Wall -fstack-usage -MMD -MP -MF"Core/Src/main.d" -MT"Core/Src/main.o" --specs=nano.specs -mfpu=fpv4-sp-d16 -mfloat-abi=hard -mthumb -o "Core/Src/main.o"
../Core/Src/main.c: In function 'dataTransferDisplay':
../Core/Src/main.c:272:23: warning: pointer targets in passing argument 2 of 'strcat' differ in signedness [-Wpointer-sign]
  272 |    strcat(screen_str, filename);
      |                       ^~~~~~~~
      |                       |
      |                       uint8_t * {aka unsigned char *}
In file included from ../USB_DEVICE/Target/usbd_conf.h:33,
                 from ../Middlewares/ST/STM32_USB_Device_Library/Core/Inc/usbd_def.h:29,
                 from ../USB_DEVICE/App/usb_device.h:33,
                 from ../Core/Src/main.c:29:
c:\st\stm32cubeide_1.6.1\stm32cubeide\plugins\com.st.stm32cube.ide.mcu.externaltools.gnu-tools-for-stm32.9-2020-q2-update.win32_1.5.0.202011040924\tools\arm-none-eabi\include\string.h:34:8: note: expected 'const char * restrict' but argument is of type 'uint8_t *' {aka 'unsigned char *'}
   34 | char  *strcat (char *__restrict, const char *__restrict);
      |        ^~~~~~
../Core/Src/main.c: In function 'SHTC3_read_data':
../Core/Src/main.c:282:74: warning: passing argument 3 of 'HAL_I2C_Master_Transmit' from incompatible pointer type [-Wincompatible-pointer-types]
  282 |    HAL_StatusTypeDef status = HAL_I2C_Master_Transmit(&hi2c1, (0x70<<1), &txBuf, 2, HAL_MAX_DELAY);
      |                                                                          ^~~~~~
      |                                                                          |
      |                                                                          uint8_t (*)[2] {aka unsigned char (*)[2]}
In file included from ../Core/Inc/stm32f4xx_hal_conf.h:358,
                 from ../Drivers/STM32F4xx_HAL_Driver/Inc/stm32f4xx_hal.h:30,
                 from ../Core/Inc/main.h:31,
                 from ../Core/Src/main.c:21:
../Drivers/STM32F4xx_HAL_Driver/Inc/stm32f4xx_hal_i2c.h:567:98: note: expected 'uint8_t *' {aka 'unsigned char *'} but argument is of type 'uint8_t (*)[2]' {aka 'unsigned char (*)[2]'}
  567 | HAL_StatusTypeDef HAL_I2C_Master_Transmit(I2C_HandleTypeDef *hi2c, uint16_t DevAddress, uint8_t *pData, uint16_t Size, uint32_t Timeout);
      |                                                                                         ~~~~~~~~~^~~~~
../Core/Src/main.c: In function 'KX023_read_tilt':
../Core/Src/main.c:335:58: warning: passing argument 5 of 'HAL_I2C_Mem_Read' from incompatible pointer type [-Wincompatible-pointer-types]
  335 |  status = HAL_I2C_Mem_Read(&hi2c1, (addr << 1), TSPP, 2, &rxBuf, 8, HAL_MAX_DELAY);
      |                                                          ^~~~~~
      |                                                          |
      |                                                          uint8_t (*)[8] {aka unsigned char (*)[8]}
In file included from ../Core/Inc/stm32f4xx_hal_conf.h:358,
                 from ../Drivers/STM32F4xx_HAL_Driver/Inc/stm32f4xx_hal.h:30,
                 from ../Core/Inc/main.h:31,
                 from ../Core/Src/main.c:21:
../Drivers/STM32F4xx_HAL_Driver/Inc/stm32f4xx_hal_i2c.h:572:133: note: expected 'uint8_t *' {aka 'unsigned char *'} but argument is of type 'uint8_t (*)[8]' {aka 'unsigned char (*)[8]'}
  572 | HAL_StatusTypeDef HAL_I2C_Mem_Read(I2C_HandleTypeDef *hi2c, uint16_t DevAddress, uint16_t MemAddress, uint16_t MemAddSize, uint8_t *pData, uint16_t Size, uint32_t Timeout);
      |                                                                                                                            ~~~~~~~~~^~~~~
../Core/Src/main.c:336:58: warning: passing argument 5 of 'HAL_I2C_Mem_Read' from incompatible pointer type [-Wincompatible-pointer-types]
  336 |  status = HAL_I2C_Mem_Read(&hi2c1, (addr << 1), 0x00, 2, &rxBuf, 8, HAL_MAX_DELAY);
      |                                                          ^~~~~~
      |                                                          |
      |                                                          uint8_t (*)[8] {aka unsigned char (*)[8]}
In file included from ../Core/Inc/stm32f4xx_hal_conf.h:358,
                 from ../Drivers/STM32F4xx_HAL_Driver/Inc/stm32f4xx_hal.h:30,
                 from ../Core/Inc/main.h:31,
                 from ../Core/Src/main.c:21:
../Drivers/STM32F4xx_HAL_Driver/Inc/stm32f4xx_hal_i2c.h:572:133: note: expected 'uint8_t *' {aka 'unsigned char *'} but argument is of type 'uint8_t (*)[8]' {aka 'unsigned char (*)[8]'}
  572 | HAL_StatusTypeDef HAL_I2C_Mem_Read(I2C_HandleTypeDef *hi2c, uint16_t DevAddress, uint16_t MemAddress, uint16_t MemAddSize, uint8_t *pData, uint16_t Size, uint32_t Timeout);
      |                                                                                                                            ~~~~~~~~~^~~~~
../Core/Src/main.c:329:11: warning: unused variable 'TSCP' [-Wunused-variable]
  329 |  uint16_t TSCP = 0x10; // Current Tilt Position Register
      |           ^~~~
../Core/Src/main.c:327:20: warning: variable 'status' set but not used [-Wunused-but-set-variable]
  327 |  HAL_StatusTypeDef status;
      |                    ^~~~~~
../Core/Src/main.c: In function 'initRGBLED':
../Core/Src/main.c:348:2: warning: implicit declaration of function 'setAirLED' [-Wimplicit-function-declaration]
  348 |  setAirLED(100, 100, 100);
      |  ^~~~~~~~~
../Core/Src/main.c:349:2: warning: implicit declaration of function 'setStatLED'; did you mean 'setstate'? [-Wimplicit-function-declaration]
  349 |  setStatLED(100, 100, 100);
      |  ^~~~~~~~~~
      |  setstate
../Core/Src/main.c: At top level:
../Core/Src/main.c:353:6: warning: conflicting types for 'setStatLED'
  353 | void setStatLED(int r, int g, int b) { // values 0-100
      |      ^~~~~~~~~~
../Core/Src/main.c:349:2: note: previous implicit declaration of 'setStatLED' was here
  349 |  setStatLED(100, 100, 100);
      |  ^~~~~~~~~~
../Core/Src/main.c:370:6: warning: conflicting types for 'setAirLED'
  370 | void setAirLED(int r, int g, int b) { // values 0-100
      |      ^~~~~~~~~
../Core/Src/main.c:348:2: note: previous implicit declaration of 'setAirLED' was here
  348 |  setAirLED(100, 100, 100);
      |  ^~~~~~~~~
../Core/Src/main.c: In function 'renameBT':
../Core/Src/main.c:398:10: warning: pointer targets in passing argument 1 of 'sprintf' differ in signedness [-Wpointer-sign]
  398 |  sprintf(btname, "%s%c%c%c", "OPEN-SENE", SPS30.serial[13], SPS30.serial[14], SPS30.serial[15]);
      |          ^~~~~~
      |          |
      |          uint8_t * {aka unsigned char *}
In file included from ../USB_DEVICE/Target/usbd_conf.h:31,
                 from ../Middlewares/ST/STM32_USB_Device_Library/Core/Inc/usbd_def.h:29,
                 from ../USB_DEVICE/App/usb_device.h:33,
                 from ../Core/Src/main.c:29:
c:\st\stm32cubeide_1.6.1\stm32cubeide\plugins\com.st.stm32cube.ide.mcu.externaltools.gnu-tools-for-stm32.9-2020-q2-update.win32_1.5.0.202011040924\tools\arm-none-eabi\include\stdio.h:244:14: note: expected 'char * restrict' but argument is of type 'uint8_t *' {aka 'unsigned char *'}
  244 | int sprintf (char *__restrict, const char *__restrict, ...)
      |              ^
../Core/Src/main.c:400:26: warning: pointer targets in passing argument 1 of 'sprintf' differ in signedness [-Wpointer-sign]
  400 |  uint8_t btlen = sprintf(btcmd, "%s%s%s", "AT+NAME", btname, "\r\n");
      |                          ^~~~~
      |                          |
      |                          uint8_t * {aka unsigned char *}
In file included from ../USB_DEVICE/Target/usbd_conf.h:31,
                 from ../Middlewares/ST/STM32_USB_Device_Library/Core/Inc/usbd_def.h:29,
                 from ../USB_DEVICE/App/usb_device.h:33,
                 from ../Core/Src/main.c:29:
c:\st\stm32cubeide_1.6.1\stm32cubeide\plugins\com.st.stm32cube.ide.mcu.externaltools.gnu-tools-for-stm32.9-2020-q2-update.win32_1.5.0.202011040924\tools\arm-none-eabi\include\stdio.h:244:14: note: expected 'char * restrict' but argument is of type 'uint8_t *' {aka 'unsigned char *'}
  244 | int sprintf (char *__restrict, const char *__restrict, ...)
      |              ^
../Core/Src/main.c: In function 'checkBTconn':
../Core/Src/main.c:413:26: warning: pointer targets in passing argument 1 of 'sprintf' differ in signedness [-Wpointer-sign]
  413 |  uint8_t btlen = sprintf(btcmd, "%s", "AT+DISC\r\n");
      |                          ^~~~~
      |                          |
      |                          uint8_t * {aka unsigned char *}
In file included from ../USB_DEVICE/Target/usbd_conf.h:31,
                 from ../Middlewares/ST/STM32_USB_Device_Library/Core/Inc/usbd_def.h:29,
                 from ../USB_DEVICE/App/usb_device.h:33,
                 from ../Core/Src/main.c:29:
c:\st\stm32cubeide_1.6.1\stm32cubeide\plugins\com.st.stm32cube.ide.mcu.externaltools.gnu-tools-for-stm32.9-2020-q2-update.win32_1.5.0.202011040924\tools\arm-none-eabi\include\stdio.h:244:14: note: expected 'char * restrict' but argument is of type 'uint8_t *' {aka 'unsigned char *'}
  244 | int sprintf (char *__restrict, const char *__restrict, ...)
      |              ^
../Core/Src/main.c: In function 'generateFilename':
../Core/Src/main.c:427:11: warning: pointer targets in passing argument 1 of 'sprintf' differ in signedness [-Wpointer-sign]
  427 |   sprintf(filename, "%c%c%c%04d.csv", SPS30.serial[13], SPS30.serial[14], SPS30.serial[15], filenumber);
      |           ^~~~~~~~
      |           |
      |           uint8_t * {aka unsigned char *}
In file included from ../USB_DEVICE/Target/usbd_conf.h:31,
                 from ../Middlewares/ST/STM32_USB_Device_Library/Core/Inc/usbd_def.h:29,
                 from ../USB_DEVICE/App/usb_device.h:33,
                 from ../Core/Src/main.c:29:
c:\st\stm32cubeide_1.6.1\stm32cubeide\plugins\com.st.stm32cube.ide.mcu.externaltools.gnu-tools-for-stm32.9-2020-q2-update.win32_1.5.0.202011040924\tools\arm-none-eabi\include\stdio.h:244:14: note: expected 'char * restrict' but argument is of type 'uint8_t *' {aka 'unsigned char *'}
  244 | int sprintf (char *__restrict, const char *__restrict, ...)
      |              ^
../Core/Src/main.c:428:22: warning: pointer targets in passing argument 2 of 'f_open' differ in signedness [-Wpointer-sign]
  428 |   res = f_open(&fil, filename, FA_READ);
      |                      ^~~~~~~~
      |                      |
      |                      uint8_t * {aka unsigned char *}
In file included from ../FATFS/App/fatfs.h:26,
                 from ../Core/Src/main.c:24:
../Middlewares/Third_Party/FatFs/src/ff.h:242:39: note: expected 'const TCHAR *' {aka 'const char *'} but argument is of type 'uint8_t *' {aka 'unsigned char *'}
  242 | FRESULT f_open (FIL* fp, const TCHAR* path, BYTE mode);    /* Open or create a file */
      |                          ~~~~~~~~~~~~~^~~~
../Core/Src/main.c: In function 'saveToSD':
../Core/Src/main.c:437:19: warning: pointer targets in passing argument 2 of 'f_open' differ in signedness [-Wpointer-sign]
  437 |  if (f_open(&fil, filename, FA_WRITE | FA_OPEN_APPEND) != FR_OK) return -1;
      |                   ^~~~~~~~
      |                   |
      |                   uint8_t * {aka unsigned char *}
In file included from ../FATFS/App/fatfs.h:26,
                 from ../Core/Src/main.c:24:
../Middlewares/Third_Party/FatFs/src/ff.h:242:39: note: expected 'const TCHAR *' {aka 'const char *'} but argument is of type 'uint8_t *' {aka 'unsigned char *'}
  242 | FRESULT f_open (FIL* fp, const TCHAR* path, BYTE mode);    /* Open or create a file */
      |                          ~~~~~~~~~~~~~^~~~
../Core/Src/main.c: In function 'getSDcardStats':
../Core/Src/main.c:454:37: warning: variable 'total_sectors' set but not used [-Wunused-but-set-variable]
  454 |  DWORD free_clusters, free_sectors, total_sectors;
      |                                     ^~~~~~~~~~~~~
../Core/Src/main.c:454:23: warning: variable 'free_sectors' set but not used [-Wunused-but-set-variable]
  454 |  DWORD free_clusters, free_sectors, total_sectors;
      |                       ^~~~~~~~~~~~
../Core/Src/main.c: In function 'transmitSDcardData':
../Core/Src/main.c:472:11: warning: pointer targets in passing argument 1 of 'sprintf' differ in signedness [-Wpointer-sign]
  472 |   sprintf(filename, "%c%c%c%04d.csv", SPS30.serial[13], SPS30.serial[14], SPS30.serial[15], filenumber);
      |           ^~~~~~~~
      |           |
      |           uint8_t * {aka unsigned char *}
In file included from ../USB_DEVICE/Target/usbd_conf.h:31,
                 from ../Middlewares/ST/STM32_USB_Device_Library/Core/Inc/usbd_def.h:29,
                 from ../USB_DEVICE/App/usb_device.h:33,
                 from ../Core/Src/main.c:29:
c:\st\stm32cubeide_1.6.1\stm32cubeide\plugins\com.st.stm32cube.ide.mcu.externaltools.gnu-tools-for-stm32.9-2020-q2-update.win32_1.5.0.202011040924\tools\arm-none-eabi\include\stdio.h:244:14: note: expected 'char * restrict' but argument is of type 'uint8_t *' {aka 'unsigned char *'}
  244 | int sprintf (char *__restrict, const char *__restrict, ...)
      |              ^
../Core/Src/main.c:474:22: warning: pointer targets in passing argument 2 of 'f_open' differ in signedness [-Wpointer-sign]
  474 |   res = f_open(&fil, filename, FA_READ);
      |                      ^~~~~~~~
      |                      |
      |                      uint8_t * {aka unsigned char *}
In file included from ../FATFS/App/fatfs.h:26,
                 from ../Core/Src/main.c:24:
../Middlewares/Third_Party/FatFs/src/ff.h:242:39: note: expected 'const TCHAR *' {aka 'const char *'} but argument is of type 'uint8_t *' {aka 'unsigned char *'}
  242 | FRESULT f_open (FIL* fp, const TCHAR* path, BYTE mode);    /* Open or create a file */
      |                          ~~~~~~~~~~~~~^~~~
../Core/Src/main.c:483:5: warning: implicit declaration of function 'CDC_Transmit_FS' [-Wimplicit-function-declaration]
  483 |     CDC_Transmit_FS(readBuf, strlen(readBuf)); // required for COM port
      |     ^~~~~~~~~~~~~~~
../Core/Src/main.c:483:37: warning: pointer targets in passing argument 1 of 'strlen' differ in signedness [-Wpointer-sign]
  483 |     CDC_Transmit_FS(readBuf, strlen(readBuf)); // required for COM port
      |                                     ^~~~~~~
      |                                     |
      |                                     BYTE * {aka unsigned char *}
In file included from ../USB_DEVICE/Target/usbd_conf.h:33,
                 from ../Middlewares/ST/STM32_USB_Device_Library/Core/Inc/usbd_def.h:29,
                 from ../USB_DEVICE/App/usb_device.h:33,
                 from ../Core/Src/main.c:29:
c:\st\stm32cubeide_1.6.1\stm32cubeide\plugins\com.st.stm32cube.ide.mcu.externaltools.gnu-tools-for-stm32.9-2020-q2-update.win32_1.5.0.202011040924\tools\arm-none-eabi\include\string.h:41:17: note: expected 'const char *' but argument is of type 'BYTE *' {aka 'unsigned char *'}
   41 | size_t  strlen (const char *);
      |                 ^~~~~~~~~~~~
../Core/Src/main.c:484:48: warning: pointer targets in passing argument 1 of 'strlen' differ in signedness [-Wpointer-sign]
  484 |     HAL_UART_Transmit(&huart1, readBuf, strlen(readBuf), HAL_MAX_DELAY);
      |                                                ^~~~~~~
      |                                                |
      |                                                BYTE * {aka unsigned char *}
In file included from ../USB_DEVICE/Target/usbd_conf.h:33,
                 from ../Middlewares/ST/STM32_USB_Device_Library/Core/Inc/usbd_def.h:29,
                 from ../USB_DEVICE/App/usb_device.h:33,
                 from ../Core/Src/main.c:29:
c:\st\stm32cubeide_1.6.1\stm32cubeide\plugins\com.st.stm32cube.ide.mcu.externaltools.gnu-tools-for-stm32.9-2020-q2-update.win32_1.5.0.202011040924\tools\arm-none-eabi\include\string.h:41:17: note: expected 'const char *' but argument is of type 'BYTE *' {aka 'unsigned char *'}
   41 | size_t  strlen (const char *);
      |                 ^~~~~~~~~~~~
../Core/Src/main.c: In function 'writeFileHeader':
../Core/Src/main.c:499:19: warning: pointer targets in passing argument 2 of 'f_open' differ in signedness [-Wpointer-sign]
  499 |  if (f_open(&fil, filename, FA_WRITE | FA_OPEN_APPEND) != FR_OK) return -1;
      |                   ^~~~~~~~
      |                   |
      |                   uint8_t * {aka unsigned char *}
In file included from ../FATFS/App/fatfs.h:26,
                 from ../Core/Src/main.c:24:
../Middlewares/Third_Party/FatFs/src/ff.h:242:39: note: expected 'const TCHAR *' {aka 'const char *'} but argument is of type 'uint8_t *' {aka 'unsigned char *'}
  242 | FRESULT f_open (FIL* fp, const TCHAR* path, BYTE mode);    /* Open or create a file */
      |                          ~~~~~~~~~~~~~^~~~
../Core/Src/main.c:503:27: warning: pointer targets in passing argument 1 of 'sprintf' differ in signedness [-Wpointer-sign]
  503 |  uint8_t length = sprintf(details, "STM32_v0.2,,,SPS30_SN:%s\n", SPS30.serial);
      |                           ^~~~~~~
      |                           |
      |                           uint8_t * {aka unsigned char *}
In file included from ../USB_DEVICE/Target/usbd_conf.h:31,
                 from ../Middlewares/ST/STM32_USB_Device_Library/Core/Inc/usbd_def.h:29,
                 from ../USB_DEVICE/App/usb_device.h:33,
                 from ../Core/Src/main.c:29:
c:\st\stm32cubeide_1.6.1\stm32cubeide\plugins\com.st.stm32cube.ide.mcu.externaltools.gnu-tools-for-stm32.9-2020-q2-update.win32_1.5.0.202011040924\tools\arm-none-eabi\include\stdio.h:244:14: note: expected 'char * restrict' but argument is of type 'uint8_t *' {aka 'unsigned char *'}
  244 | int sprintf (char *__restrict, const char *__restrict, ...)
      |              ^
../Core/Src/main.c:507:19: warning: pointer targets in passing argument 1 of 'sprintf' differ in signedness [-Wpointer-sign]
  507 |  length = sprintf(header, "Counter,Latitude,Longitude,gpsUpdated,Speed,Altitude,Satellites,Date,Time,Millis,PM1.0,PM2.5,PM4.0,PM10,Temperature,Humidity,NC0.5,NC1.0,NC2.5,NC4.0,NC10,TypicalParticleSize,TVOC,eCO2,BatteryVIN,compensatedT,compensatedRH,UID\n");
      |                   ^~~~~~
      |                   |
      |                   uint8_t * {aka unsigned char *}
In file included from ../USB_DEVICE/Target/usbd_conf.h:31,
                 from ../Middlewares/ST/STM32_USB_Device_Library/Core/Inc/usbd_def.h:29,
                 from ../USB_DEVICE/App/usb_device.h:33,
                 from ../Core/Src/main.c:29:
c:\st\stm32cubeide_1.6.1\stm32cubeide\plugins\com.st.stm32cube.ide.mcu.externaltools.gnu-tools-for-stm32.9-2020-q2-update.win32_1.5.0.202011040924\tools\arm-none-eabi\include\stdio.h:244:14: note: expected 'char * restrict' but argument is of type 'uint8_t *' {aka 'unsigned char *'}
  244 | int sprintf (char *__restrict, const char *__restrict, ...)
      |              ^
../Core/Src/main.c: In function 'main':
../Core/Src/main.c:641:29: warning: pointer targets in passing argument 1 of 'sprintf' differ in signedness [-Wpointer-sign]
  641 |    uint8_t length = sprintf(data, "%d,%f,%f,%d," // counter, lat, lon, fix
      |                             ^~~~
      |                             |
      |                             uint8_t * {aka unsigned char *}
In file included from ../USB_DEVICE/Target/usbd_conf.h:31,
                 from ../Middlewares/ST/STM32_USB_Device_Library/Core/Inc/usbd_def.h:29,
                 from ../USB_DEVICE/App/usb_device.h:33,
                 from ../Core/Src/main.c:29:
c:\st\stm32cubeide_1.6.1\stm32cubeide\plugins\com.st.stm32cube.ide.mcu.externaltools.gnu-tools-for-stm32.9-2020-q2-update.win32_1.5.0.202011040924\tools\arm-none-eabi\include\stdio.h:244:14: note: expected 'char * restrict' but argument is of type 'uint8_t *' {aka 'unsigned char *'}
  244 | int sprintf (char *__restrict, const char *__restrict, ...)
      |              ^
../Core/Src/main.c:641:35: warning: format '%d' expects argument of type 'int', but argument 10 has type 'uint32_t' {aka 'long unsigned int'} [-Wformat=]
  641 |    uint8_t length = sprintf(data, "%d,%f,%f,%d," // counter, lat, lon, fix
      |                                   ^~~~~~~~~~~~~~
......
  646 |      GPS.GPGGA.Speed_KMH, GPS.GPGGA.MSL_Altitude, GPS.GPGGA.SatellitesUsed, GPS.GPGGA.YYYYMMDD, GPS.GPGGA.HHMMSS, millis,
      |                                                                             ~~~~~~~~~~~~~~~~~~
      |                                                                                      |
      |                                                                                      uint32_t {aka long unsigned int}
../Core/Src/main.c:642:21: note: format string is defined here
  642 |      "%.1f,%.1f,%d,%d,%06.0f,%d," // speed, alt, sat, date, time, millis
      |                    ~^
      |                     |
      |                     int
      |                    %ld
../Core/Src/main.c:641:35: warning: format '%d' expects argument of type 'int', but argument 12 has type 'uint32_t' {aka 'long unsigned int'} [-Wformat=]
  641 |    uint8_t length = sprintf(data, "%d,%f,%f,%d," // counter, lat, lon, fix
      |                                   ^~~~~~~~~~~~~~
......
  646 |      GPS.GPGGA.Speed_KMH, GPS.GPGGA.MSL_Altitude, GPS.GPGGA.SatellitesUsed, GPS.GPGGA.YYYYMMDD, GPS.GPGGA.HHMMSS, millis,
      |                                                                                                                   ~~~~~~
      |                                                                                                                   |
      |                                                                                                                   uint32_t {aka long unsigned int}
../Core/Src/main.c:642:31: note: format string is defined here
  642 |      "%.1f,%.1f,%d,%d,%06.0f,%d," // speed, alt, sat, date, time, millis
      |                              ~^
      |                               |
      |                               int
      |                              %ld
../Core/Src/main.c:656:17: warning: passing argument 1 of 'saveToSD' from incompatible pointer type [-Wincompatible-pointer-types]
  656 |    if (saveToSD(&data, length) == -1) noSD = 1;
      |                 ^~~~~
      |                 |
      |                 uint8_t (*)[164] {aka unsigned char (*)[164]}
../Core/Src/main.c:434:23: note: expected 'uint8_t *' {aka 'unsigned char *'} but argument is of type 'uint8_t (*)[164]' {aka 'unsigned char (*)[164]'}
  434 | int saveToSD(uint8_t *dBuf, uint8_t dBufLen) {
      |              ~~~~~~~~~^~~~
../Core/Src/main.c: In function 'renameBT':
../Core/Src/main.c:398:27: warning: 'sprintf' writing a terminating nul past the end of the destination [-Wformat-overflow=]
  398 |  sprintf(btname, "%s%c%c%c", "OPEN-SENE", SPS30.serial[13], SPS30.serial[14], SPS30.serial[15]);
      |                           ^
../Core/Src/main.c:398:2: note: 'sprintf' output 13 bytes into a destination of size 12
  398 |  sprintf(btname, "%s%c%c%c", "OPEN-SENE", SPS30.serial[13], SPS30.serial[14], SPS30.serial[15]);
      |  ^~~~~~~~~~~~~~~~~~~~~~~~~~~~~~~~~~~~~~~~~~~~~~~~~~~~~~~~~~~~~~~~~~~~~~~~~~~~~~~~~~~~~~~~~~~~~~
../Core/Src/main.c: In function 'generateFilename':
../Core/Src/main.c:427:36: warning: 'sprintf' writing a terminating nul past the end of the destination [-Wformat-overflow=]
  427 |   sprintf(filename, "%c%c%c%04d.csv", SPS30.serial[13], SPS30.serial[14], SPS30.serial[15], filenumber);
      |                                    ^
../Core/Src/main.c:427:3: note: 'sprintf' output between 12 and 19 bytes into a destination of size 11
  427 |   sprintf(filename, "%c%c%c%04d.csv", SPS30.serial[13], SPS30.serial[14], SPS30.serial[15], filenumber);
      |   ^~~~~~~~~~~~~~~~~~~~~~~~~~~~~~~~~~~~~~~~~~~~~~~~~~~~~~~~~~~~~~~~~~~~~~~~~~~~~~~~~~~~~~~~~~~~~~~~~~~~~
../Core/Src/main.c: In function 'getSDcardStats':
../Core/Src/main.c:463:1: warning: control reaches end of non-void function [-Wreturn-type]
  463 | }
      | ^
../Core/Src/main.c: In function 'transmitSDcardData':
../Core/Src/main.c:472:36: warning: 'sprintf' writing a terminating nul past the end of the destination [-Wformat-overflow=]
  472 |   sprintf(filename, "%c%c%c%04d.csv", SPS30.serial[13], SPS30.serial[14], SPS30.serial[15], filenumber);
      |                                    ^
../Core/Src/main.c:472:3: note: 'sprintf' output 12 bytes into a destination of size 11
  472 |   sprintf(filename, "%c%c%c%04d.csv", SPS30.serial[13], SPS30.serial[14], SPS30.serial[15], filenumber);
      |   ^~~~~~~~~~~~~~~~~~~~~~~~~~~~~~~~~~~~~~~~~~~~~~~~~~~~~~~~~~~~~~~~~~~~~~~~~~~~~~~~~~~~~~~~~~~~~~~~~~~~~
../Core/Src/main.c: In function 'writeFileHeader':
../Core/Src/main.c:513:1: warning: control reaches end of non-void function [-Wreturn-type]
  513 | }
      | ^
../Core/Src/main.c:503:19: warning: '%s' directive writing up to 31 bytes into a region of size 17 [-Wformat-overflow=]
  503 |  uint8_t length = sprintf(details, "STM32_v0.2,,,SPS30_SN:%s\n", SPS30.serial);
      |                   ^~~~~~~~~~~~~~~~~~~~~~~~~~~~~~~~~~~~~~~~~~~~~~~~~~~~~~~~~~~~
../Core/Src/main.c:503:19: note: 'sprintf' output between 24 and 55 bytes into a destination of size 39
../Core/Src/main.c:507:11: warning: 'Counter,Latitude,Longitude,g...' directive writing 226 bytes into a region of size 195 [-Wformat-overflow=]
  507 |  length = sprintf(header, "Counter,Latitude,Longitude,gpsUpdated,Speed,Altitude,Satellites,Date,Time,Millis,PM1.0,PM2.5,PM4.0,PM10,Temperature,Humidity,NC0.5,NC1.0,NC2.5,NC4.0,NC10,TypicalParticleSize,TVOC,eCO2,BatteryVIN,compensatedT,compensatedRH,UID\n");
      |           ^~~~~~~~~~~~~~~~~~~~~~~~~~~~~~~~~~~~~~~~~~~~~~~~~~~~~~~~~~~~~~~~~~~~~~~~~~~~~~~~~~~~~~~~~~~~~~~~~~~~~~~~~~~~~~~~~~~~~~~~~~~~~~~~~~~~~~~~~~~~~~~~~~~~~~~~~~~~~~~~~~~~~~~~~~~~~~~~~~~~~~~~~~~~~~~~~~~~~~~~~~~~~~~~~~~~~~~~~~~~~~~~~~~~~~~~~~~~~~~~~~~~~~
../Core/Src/main.c:507:11: note: 'sprintf' output 227 bytes into a destination of size 195
arm-none-eabi-gcc -o "Firmware.elf" @"objects.list"   -mcpu=cortex-m4 -T"C:\Users\Sebastian\OneDrive - University of Cambridge\University\open-seneca\Hardware\integrated-aq-sensor\Firmware\STM32F405RGT6\STM32F405RGTX_FLASH.ld" --specs=nosys.specs -Wl,-Map="Firmware.map" -Wl,--gc-sections -static --specs=nano.specs -mfpu=fpv4-sp-d16 -mfloat-abi=hard -mthumb -u _printf_float -u _scanf_float -Wl,--start-group -lc -lm -Wl,--end-group
Finished building target: Firmware.elf
 
arm-none-eabi-size   Firmware.elf 
arm-none-eabi-objdump -h -S  Firmware.elf  > "Firmware.list"
arm-none-eabi-objcopy  -O binary  Firmware.elf  "Firmware.bin"
   text	   data	    bss	    dec	    hex	filename
 109056	    892	  13832	 123780	  1e384	Firmware.elf
Finished building: default.size.stdout
 
Finished building: Firmware.bin
 
Finished building: Firmware.list
 
arm-none-eabi-objcopy -O ihex Firmware.elf Firmware.hex
 

01:36:01 Build Finished. 0 errors, 37 warnings. (took 2s.181ms)

