12:50:29 **** Incremental Build of configuration Debug for project Firmware ****
make -j12 all 
arm-none-eabi-gcc "../Core/Src/GPS.c" -mcpu=cortex-m4 -std=gnu11 -g3 -DSTM32F405xx -DUSE_HAL_DRIVER -DDEBUG -c -I../Core/Inc -I../Drivers/STM32F4xx_HAL_Driver/Inc -I../Drivers/STM32F4xx_HAL_Driver/Inc/Legacy -I../Drivers/CMSIS/Device/ST/STM32F4xx/Include -I../Drivers/CMSIS/Include -I../FATFS/App -I../FATFS/Target -I../Middlewares/Third_Party/FatFs/src -I../USB_DEVICE/App -I../USB_DEVICE/Target -I../Middlewares/ST/STM32_USB_Device_Library/Core/Inc -I../Middlewares/ST/STM32_USB_Device_Library/Class/CDC/Inc -O0 -ffunction-sections -fdata-sections -Wall -fstack-usage -MMD -MP -MF"Core/Src/GPS.d" -MT"Core/Src/GPS.o" --specs=nano.specs -mfpu=fpv4-sp-d16 -mfloat-abi=hard -mthumb -o "Core/Src/GPS.o"
../Core/Src/GPS.c: In function 'GPS_Process':
../Core/Src/GPS.c:53:36: warning: pointer targets in passing argument 1 of 'strlen' differ in signedness [-Wpointer-sign]
   53 |  GPS.GPGGA.Buffer_Size = strlen(GPS.rxBuffer);
      |                                 ~~~^~~~~~~~~
      |                                    |
      |                                    uint8_t * {aka unsigned char *}
In file included from ../Core/Src/GPS.c:4:
c:\st\stm32cubeide_1.6.1\stm32cubeide\plugins\com.st.stm32cube.ide.mcu.externaltools.gnu-tools-for-stm32.9-2020-q2-update.win32_1.5.0.202011040924\tools\arm-none-eabi\include\string.h:41:17: note: expected 'const char *' but argument is of type 'uint8_t *' {aka 'unsigned char *'}
   41 | size_t  strlen (const char *);
      |                 ^~~~~~~~~~~~
../Core/Src/GPS.c:59:40: warning: format '%d' expects argument of type 'int *', but argument 9 has type 'uint8_t *' {aka 'unsigned char *'} [-Wformat=]
   59 |   sscanf(str,"GNGGA,%f,%f,%c,%f,%c,%d,%d,%f,%f",&GPS.GPGGA.HHMMSS,&GPS.GPGGA.Latitude,&GPS.GPGGA.NS_Indicator,&GPS.GPGGA.Longitude,&GPS.GPGGA.EW_Indicator,&GPS.GPGGA.PositionFixIndicator,&GPS.GPGGA.SatellitesUsed,&GPS.GPGGA.HDOP,&GPS.GPGGA.MSL_Altitude);  // GNGGA instead of GPGGA
      |                                       ~^                                                                                                                                                   ~~~~~~~~~~~~~~~~~~~~~~~~~
      |                                        |                                                                                                                                                   |
      |                                        int *                                                                                                                                               uint8_t * {aka unsigned char *}
      |                                       %hhd
../Core/Src/GPS.c:86:27: warning: format '%d' expects argument of type 'int *', but argument 4 has type 'uint8_t *' {aka 'unsigned char *'} [-Wformat=]
   86 |    sscanf(str2,"GNZDA,%f,%d,%d,%d",&GPS.GPGGA.HHMMSS,&GPS.GPGGA.UTC_Day,&GPS.GPGGA.UTC_Month,&GPS.GPGGA.UTC_Year);
      |                          ~^                          ~~~~~~~~~~~~~~~~~~
      |                           |                          |
      |                           int *                      uint8_t * {aka unsigned char *}
      |                          %hhd
../Core/Src/GPS.c:86:30: warning: format '%d' expects argument of type 'int *', but argument 5 has type 'uint8_t *' {aka 'unsigned char *'} [-Wformat=]
   86 |    sscanf(str2,"GNZDA,%f,%d,%d,%d",&GPS.GPGGA.HHMMSS,&GPS.GPGGA.UTC_Day,&GPS.GPGGA.UTC_Month,&GPS.GPGGA.UTC_Year);
      |                             ~^                                          ~~~~~~~~~~~~~~~~~~~~
      |                              |                                          |
      |                              int *                                      uint8_t * {aka unsigned char *}
      |                             %hhd
../Core/Src/GPS.c:86:33: warning: format '%d' expects argument of type 'int *', but argument 6 has type 'uint16_t *' {aka 'short unsigned int *'} [-Wformat=]
   86 |    sscanf(str2,"GNZDA,%f,%d,%d,%d",&GPS.GPGGA.HHMMSS,&GPS.GPGGA.UTC_Day,&GPS.GPGGA.UTC_Month,&GPS.GPGGA.UTC_Year);
      |                                ~^                                                            ~~~~~~~~~~~~~~~~~~~
      |                                 |                                                            |
      |                                 int *                                                        uint16_t * {aka short unsigned int *}
      |                                %hd
../Core/Src/GPS.c:96:53: warning: format '%s' expects argument of type 'char *', but argument 3 has type 'uint8_t (*)[5]' {aka 'unsigned char (*)[5]'} [-Wformat=]
   96 |    if (sscanf(str3,"GNRMC,%*f,%*c,%*f,%*c,%*f,%*c,%4s,",&speed) > 0) {
      |                                                   ~~^   ~~~~~~
      |                                                     |   |
      |                                                     |   uint8_t (*)[5] {aka unsigned char (*)[5]}
      |                                                     char *
../Core/Src/GPS.c:97:32: warning: pointer targets in passing argument 1 of 'atof' differ in signedness [-Wpointer-sign]
   97 |     GPS.GPGGA.Speed_KTS = atof(speed);
      |                                ^~~~~
      |                                |
      |                                uint8_t * {aka unsigned char *}
In file included from ../Core/Src/GPS.c:6:
c:\st\stm32cubeide_1.6.1\stm32cubeide\plugins\com.st.stm32cube.ide.mcu.externaltools.gnu-tools-for-stm32.9-2020-q2-update.win32_1.5.0.202011040924\tools\arm-none-eabi\include\stdlib.h:77:26: note: expected 'const char *' but argument is of type 'uint8_t *' {aka 'unsigned char *'}
   77 | double atof (const char *__nptr);
      |              ~~~~~~~~~~~~^~~~~~
arm-none-eabi-gcc -o "Firmware.elf" @"objects.list"   -mcpu=cortex-m4 -T"C:\Users\Sebastian\OneDrive - University of Cambridge\University\open-seneca\Hardware\integrated-aq-sensor\Firmware\STM32F405RGT6\STM32F405RGTX_FLASH.ld" --specs=nosys.specs -Wl,-Map="Firmware.map" -Wl,--gc-sections -static --specs=nano.specs -mfpu=fpv4-sp-d16 -mfloat-abi=hard -mthumb -u _printf_float -u _scanf_float -Wl,--start-group -lc -lm -Wl,--end-group
Finished building target: Firmware.elf
 
arm-none-eabi-size   Firmware.elf 
arm-none-eabi-objdump -h -S  Firmware.elf  > "Firmware.list"
arm-none-eabi-objcopy  -O binary  Firmware.elf  "Firmware.bin"
   text	   data	    bss	    dec	    hex	filename
 107944	    892	  13832	 122668	  1df2c	Firmware.elf
Finished building: default.size.stdout
 
Finished building: Firmware.bin
 
Finished building: Firmware.list
 
arm-none-eabi-objcopy -O ihex Firmware.elf Firmware.hex
 

12:50:31 Build Finished. 0 errors, 7 warnings. (took 2s.127ms)

